tttttttt
hhh
fff
